// Jest Snapshot v1, https://goo.gl/fbAQLP

exports[`Tests on <GifGridItem /> shows the component correctly 1`] = `
<div
  className="card animate__animated animate__fadeIn animate__delay-0s"
>
  <img
    alt="Un titulo"
    src="https://localhost/algo.png"
  />
  <p>
    Un titulo
  </p>
</div>
`;
